// Jest Snapshot v1, https://goo.gl/fbAQLP

exports[`UpdateArticleReplyStatus restore delete state to blocked state for blocked users 1`] = `
Object {
  "UpdateArticleReplyStatus": Array [
    Object {
      "articleId": "blocked",
      "replyId": "reply",
      "status": "BLOCKED",
      "updatedAt": "2017-01-28T08:45:57.011Z",
    },
  ],
}
`;

exports[`UpdateArticleReplyStatus should not allow users to delete other's article replies 1`] = `
Array [
  [GraphQLError: Cannot change status for articleReply(articleId=others, replyId=others)],
]
`;

exports[`UpdateArticleReplyStatus should set article reply fields correctly 1`] = `
Object {
  "deleted": Array [
    Object {
      "articleId": "deleted",
      "replyId": "reply",
      "status": "NORMAL",
      "updatedAt": "2017-01-28T08:45:57.011Z",
    },
  ],
  "normal": Array [
    Object {
      "articleId": "normal",
      "replyId": "reply",
      "status": "DELETED",
      "updatedAt": "2017-01-28T08:45:57.011Z",
    },
  ],
}
`;
